// Jest Snapshot v1, https://goo.gl/fbAQLP

exports[`Chart renders correctly 1`] = `
<div
  className="sc-bdVaJa ehdsTR"
>
  <h4
    className="sc-bwzfXH gqJssl"
  >
    Mood Outcomes
  </h4>
  <svg
    className="bar-chart-undefined bar-chart sc-EHOje iqMUOf"
    style={
      Object {
        "width": 200,
      }
    }
  />
  <div
    className="sc-htpNat jbLzsI"
  >
    <div
      className="sc-bxivhb foBzPx"
    >
      <p>
        title 1
      </p>
      <span
        className="sc-ifAKCX csFauE"
        style={
          Object {
            "color": "#6b486b",
            "fontSize": "13px",
            "fontWeight": "600",
            "textTransform": "capitalize",
          }
        }
      />
      <span
        className="sc-bZQynM jsjzYN"
      >
        (
        )
      </span>
    </div>
    <div
      className="sc-bxivhb foBzPx"
    >
      <p>
        title 1
      </p>
      <span
        className="sc-ifAKCX csFauE"
        style={
          Object {
            "color": "#a05d56",
            "fontSize": "13px",
            "fontWeight": "600",
            "textTransform": "capitalize",
          }
        }
      />
      <span
        className="sc-bZQynM jsjzYN"
      >
        (
        )
      </span>
    </div>
    <div
      className="sc-bxivhb foBzPx"
    >
      <p>
        title 1
      </p>
      <span
        className="sc-ifAKCX csFauE"
        style={
          Object {
            "color": "#d0743c",
            "fontSize": "13px",
            "fontWeight": "600",
            "textTransform": "capitalize",
          }
        }
      />
      <span
        className="sc-bZQynM jsjzYN"
      >
        (
        )
      </span>
    </div>
    <div
      className="sc-bxivhb foBzPx"
    >
      <p>
        title 1
      </p>
      <span
        className="sc-ifAKCX csFauE"
        style={
          Object {
            "color": "#ff8c00",
            "fontSize": "13px",
            "fontWeight": "600",
            "textTransform": "capitalize",
          }
        }
      />
      <span
        className="sc-bZQynM jsjzYN"
      >
        (
        )
      </span>
    </div>
  </div>
</div>
`;
