// Jest Snapshot v1, https://goo.gl/fbAQLP

exports[`Header renders correctly 1`] = `
<header
  className="sc-bdVaJa cRztOd"
>
  <div
    className="sc-bwzfXH jYziQj"
  >
    <img
      alt="logo"
      className="sc-htpNat ewsNvL"
      onClick={[Function]}
      src="header.png"
    />
    <div
      className="sc-ifAKCX bBjkhb"
    >
      <i
        className="fas fa-bars sc-htoDjs ewchAR"
        onClick={[Function]}
      />
    </div>
  </div>
  <div
    className="sc-bxivhb iiMUyf"
  >
    <ul>
      <li>
        <a
          href="/chat"
          onClick={[Function]}
        >
          <i
            className="fas fa-comment"
          />
        </a>
      </li>
      <li>
        <a
          href="/conversations"
          onClick={[Function]}
        >
          <i
            className="fas fa-history"
          />
        </a>
      </li>
      <li>
        <a
          href="/dashboard"
          onClick={[Function]}
        >
           
          <i
            className="fas fa-smile-beam"
          />
        </a>
      </li>
      <li>
         
        <a
          href="/advice"
          onClick={[Function]}
        >
           
          <i
            className="fas fa-link"
          />
        </a>
      </li>
    </ul>
  </div>
</header>
`;
