// Jest Snapshot v1, https://goo.gl/fbAQLP

exports[`Header renders correctly 1`] = `
<header
  className="sc-bdVaJa jyvac"
>
  <img
    alt="logo"
    className="sc-bwzfXH kZUMPF"
    onClick={[Function]}
    src="header.png"
  />
  <div
    className="sc-htpNat hbkyLO"
  >
    <i
      className="fas fa-bars sc-bZQynM cvpdQh"
      onClick={[Function]}
    />
  </div>
</header>
`;
